[INFO] Scanning for projects...
[INFO] 
[INFO] --------------------------< com.ai:deepcode >---------------------------
[INFO] Building deepcode 0.0.1-SNAPSHOT
[INFO] --------------------------------[ jar ]---------------------------------
[INFO] 
[INFO] --- maven-resources-plugin:3.3.1:resources (default-resources) @ deepcode ---
[INFO] Copying 1 resource from src\main\resources to target\classes
[INFO] Copying 4 resources from src\main\resources to target\classes
[INFO] 
[INFO] --- maven-compiler-plugin:3.14.1:compile (default-compile) @ deepcode ---
[INFO] Recompiling the module because of changed source code.
[INFO] Compiling 58 source files with javac [debug parameters release 17] to target\classes
[INFO] /C:/Users/sando/OneDrive/Desktop/deepcode/api/src/main/java/com/ai/deepcode/api/GithubApiClient.java: Some input files use unchecked or unsafe operations.
[INFO] /C:/Users/sando/OneDrive/Desktop/deepcode/api/src/main/java/com/ai/deepcode/api/GithubApiClient.java: Recompile with -Xlint:unchecked for details.
[INFO] -------------------------------------------------------------
[ERROR] COMPILATION ERROR : 
[INFO] -------------------------------------------------------------
[ERROR] /C:/Users/sando/OneDrive/Desktop/deepcode/api/src/main/java/com/ai/deepcode/controller/OllamaController.java:[53,30] cannot find symbol
  symbol:   class OllamaUnavailableException
  location: class com.ai.deepcode.service.OllamaClient
[ERROR] /C:/Users/sando/OneDrive/Desktop/deepcode/api/src/main/java/com/ai/deepcode/controller/OllamaController.java:[96,30] cannot find symbol
  symbol:   class OllamaUnavailableException
  location: class com.ai.deepcode.service.OllamaClient
[INFO] 2 errors 
[INFO] -------------------------------------------------------------
[INFO] ------------------------------------------------------------------------
[INFO] BUILD FAILURE
[INFO] ------------------------------------------------------------------------
[INFO] Total time:  4.237 s
[INFO] Finished at: 2026-01-18T20:27:37+01:00
[INFO] ------------------------------------------------------------------------
[ERROR] Failed to execute goal org.apache.maven.plugins:maven-compiler-plugin:3.14.1:compile (default-compile) on project deepcode: Compilation failure: Compilation failure: 
[ERROR] /C:/Users/sando/OneDrive/Desktop/deepcode/api/src/main/java/com/ai/deepcode/controller/OllamaController.java:[53,30] cannot find symbol
[ERROR]   symbol:   class OllamaUnavailableException
[ERROR]   location: class com.ai.deepcode.service.OllamaClient
[ERROR] /C:/Users/sando/OneDrive/Desktop/deepcode/api/src/main/java/com/ai/deepcode/controller/OllamaController.java:[96,30] cannot find symbol
[ERROR]   symbol:   class OllamaUnavailableException
[ERROR]   location: class com.ai.deepcode.service.OllamaClient
[ERROR] -> [Help 1]
[ERROR] 
[ERROR] To see the full stack trace of the errors, re-run Maven with the -e switch.
[ERROR] Re-run Maven using the -X switch to enable full debug logging.
[ERROR] 
[ERROR] For more information about the errors and possible solutions, please read the following articles:
[ERROR] [Help 1] http://cwiki.apache.org/confluence/display/MAVEN/MojoFailureException
